// Jest Snapshot v1, https://goo.gl/fbAQLP

exports[`<Main /> should be render component 1`] = `
<main>
  <h1>
    Ol√° Mundo
  </h1>
</main>
`;
